<tal:block tal:define="
        tableName string: osmonitorreport;
        tm here/ZenTableManager;
        tableState python:tm.getTableState(tableName,sortedHeader='Device',sortedSence='desc');
        sts python:here.ZenTableManager.setReqTableState;
        zem python:here.dmd.ZenEventManager;
        deviceClass python:sts('tableName', 'deviceClass', '');
	objects python:list(a.getObject() for a in here.Devices.componentSearch({'meta_type':'HWScreen'}) if deviceClass in a.getObject().getPrimaryId());
	batch python:here.ZenTableManager.getBatch(tableName,objects);
	exportFields python:[('getParentDeviceName','Device'), 
						 ('name','Component'), 
						 ('meta_type', 'Type'),
						 ('getInstDescription','Description'), 
						 ('getParentLastLogon','LastLogon')];">
<tal:block 
    metal:define-macro="filterForm">
    <form id="filterForm" method="submit">
    

        <tal:block tal:define=" tabletitle string:">
        <tal:block metal:use-macro="here/zenuimacros/macros/zentable">
        <tal:block metal:fill-slot="zentablecontents">
        <!-- BEGIN TABLE CONTENTS -->
            
      <tr>l
        <td class="tableheader">Device Class:</td>
        <td class="tablevalues">
	  <select class="tablevalues" name="deviceClass"
                tal:define="
		orgs python:here.dmd.Devices.Workstation.getOrganizerNames();
                " onchange="this.form.submit();">
             <option tal:repeat="org orgs" 
                     tal:attributes="value org;selected python:org==deviceClass"
                     tal:content="org"/>
          </select>
        </td>
      </tr>
       </tal:block>
       </tal:block>
       </tal:block>
    </form>
</tal:block>

<tal:block metal:use-macro="here/reportMacros/macros/exportableReport">
<tal:block metal:fill-slot="report">

<tal:block metal:use-macro="here/templates/macros/page1">
<tal:block metal:fill-slot="breadCrumbPane">
    <span metal:use-macro="here/miscmacros/macros/reportBreadCrumbsList"/>    
</tal:block>
<tal:block metal:fill-slot="contentPane">
<!--<tal:block metal:use-macro="here/filterForm"/>-->
<form method="POST" tal:attributes="action request/URL;"
			tal:define="tabletitle string:Workstation Monitors;
                        showfilterbox python:True;
						tblcolspan string:4">

<tal:block metal:use-macro="here/zenuimacros/macros/zentable">
<tal:block metal:fill-slot="zentablecontents">

    <tr>
        <th tal:replace="structure python:here.ZenTableManager.getTableHeader(
                            tableName,'hostname','Device')"/>
        <th tal:replace="structure python:here.ZenTableManager.getTableHeader(
                            tableName,'model','Screen')"/>
        <th tal:replace="structure python:here.ZenTableManager.getTableHeader(
                            tableName,'sn','Serial Number')"/>
        <th tal:replace="structure python:here.ZenTableManager.getTableHeader(
                            tableName,'getParentLastLogon','LastLogon')"/>
    </tr>
    <tr tal:repeat="comp batch">
        <td class="tablevalues" 
          tal:content="structure comp/getDeviceLink"/>

        <td class="tablevalues" tal:content="comp/model"/>
        <td class="tablevalues">
            <a class="tablevalues" tal:attributes="href comp/getPrimaryUrlPath"
                tal:content="comp/name">smtp</a>
        </td>
<!--        <td class="tablevalues" tal:content="comp/getParentLastLogon"/>-->
        <!--<td tal:define="status comp/getStatus"
            tal:attributes="class python:comp.getStatusCssClass(status)"
            tal:content="python:comp.convertStatus(status)"/>-->
    </tr>
    <tr>
        <td colspan="4" class="tableheader" align='center'>
        <form metal:use-macro="here/zenTableNavigation/macros/navtool"/>
        </td>
    </tr>

</tal:block>
</tal:block>
</form>

</tal:block>
</tal:block>

</tal:block>
</tal:block>
</tal:block>
